{
  "id": 2465,
  "date": "2026-04-05T03:30:02",
  "date_gmt": "2026-04-05T03:30:02",
  "guid": {
    "rendered": "https://thangmayfujith.com/?p=2465",
    "raw": "https://thangmayfujith.com/?p=2465"
  },
  "modified": "2026-04-05T03:30:02",
  "modified_gmt": "2026-04-05T03:30:02",
  "password": "",
  "slug": "thang-may-450kg-4-5-tang-2co700-hay-2co800",
  "status": "publish",
  "type": "post",
  "link": "https://thangmayfujith.com/?p=2465",
  "title": {
    "raw": "Thang máy 450kg cho nhà 4-5 tầng: nên chọn 2CO700 hay 2CO800?",
    "rendered": "Thang máy 450kg cho nhà 4-5 tầng: nên chọn 2CO700 hay 2CO800?"
  },
  "content": {
    "raw": "<!-- wp:html --><h2>Thang máy 450kg cho nhà 4-5 tầng: nên chọn 2CO700 hay 2CO800?</h2>\n<p>Với nhà phố 4-5 tầng, thang máy 450kg là cấu hình được lựa chọn rất nhiều vì cân bằng tốt giữa công năng, chi phí và diện tích xây dựng.</p>\n<h3>1) Khi nào nên chọn 2CO700?</h3>\n<ul>\n  <li>Nhà có diện tích hố thang vừa phải, cần tối ưu không gian.</li>\n  <li>Nhu cầu di chuyển gia đình hằng ngày, ưu tiên tiết kiệm diện tích mở cửa.</li>\n</ul>\n<h3>2) Khi nào nên chọn 2CO800?</h3>\n<ul>\n  <li>Cần cửa rộng hơn để di chuyển đồ thuận tiện.</li>\n  <li>Không gian hố thang cho phép mở rộng kích thước cửa.</li>\n</ul>\n<h3>3) Kích thước hố thang hay gặp</h3>\n<ul>\n  <li>1550 x 1650 mm: tối ưu cho nhiều nhà phố cải tạo.</li>\n  <li>1600 x 1600 mm: cân đối cho phương án 450kg 5 tầng.</li>\n</ul>\n<p>FUJI TH sẽ khảo sát thực tế để tư vấn đúng cấu hình theo hố thang, nhu cầu sử dụng và ngân sách.</p>\n<p><strong>Hotline:</strong> 0924286386 - 0989397282<br/><strong>Website:</strong> <a href=\"https://thangmayfujith.com\">https://thangmayfujith.com</a></p>\n<p>Xem thêm: <a href=\"https://thangmayfujith.com\">Các mẫu thang máy gia đình FUJI TH</a></p>\n<!-- /wp:html -->",
    "rendered": "<h2>Thang máy 450kg cho nhà 4-5 tầng: nên chọn 2CO700 hay 2CO800?</h2>\n<p>Với nhà phố 4-5 tầng, thang máy 450kg là cấu hình được lựa chọn rất nhiều vì cân bằng tốt giữa công năng, chi phí và diện tích xây dựng.</p>\n<h3>1) Khi nào nên chọn 2CO700?</h3>\n<ul>\n<li>Nhà có diện tích hố thang vừa phải, cần tối ưu không gian.</li>\n<li>Nhu cầu di chuyển gia đình hằng ngày, ưu tiên tiết kiệm diện tích mở cửa.</li>\n</ul>\n<h3>2) Khi nào nên chọn 2CO800?</h3>\n<ul>\n<li>Cần cửa rộng hơn để di chuyển đồ thuận tiện.</li>\n<li>Không gian hố thang cho phép mở rộng kích thước cửa.</li>\n</ul>\n<h3>3) Kích thước hố thang hay gặp</h3>\n<ul>\n<li>1550 x 1650 mm: tối ưu cho nhiều nhà phố cải tạo.</li>\n<li>1600 x 1600 mm: cân đối cho phương án 450kg 5 tầng.</li>\n</ul>\n<p>FUJI TH sẽ khảo sát thực tế để tư vấn đúng cấu hình theo hố thang, nhu cầu sử dụng và ngân sách.</p>\n<p><strong>Hotline:</strong> 0924286386 &#8211; 0989397282<br /><strong>Website:</strong> <a href=\"https://thangmayfujith.com\">https://thangmayfujith.com</a></p>\n<p>Xem thêm: <a href=\"https://thangmayfujith.com\">Các mẫu thang máy gia đình FUJI TH</a></p>\n",
    "protected": false,
    "block_version": 0
  },
  "excerpt": {
    "raw": "\n",
    "rendered": "<p>Thang máy 450kg cho nhà 4-5 tầng: nên chọn 2CO700 hay 2CO800? Với nhà phố 4-5 tầng, thang máy 450kg là cấu hình được lựa chọn rất nhiều vì cân bằng tốt giữa công năng, chi phí và diện tích xây dựng. 1) Khi nào nên chọn 2CO700? Nhà có diện tích hố thang vừa [&#8230;]\n",
    "protected": false
  },
  "author": 2,
  "featured_media": 0,
  "comment_status": "open",
  "ping_status": "open",
  "sticky": false,
  "template": "",
  "format": "standard",
  "meta": {
    "_yoast_wpseo_focuskw": "thang máy 450kg 5 tầng",
    "_yoast_wpseo_title": "Thang máy 450kg 5 tầng: chọn 2CO700 hay 2CO800 | FUJI TH",
    "_yoast_wpseo_metadesc": "Tư vấn chọn thang máy 450kg cho nhà 4-5 tầng: so sánh 2CO700 và 2CO800, kích thước hố thang phổ biến, giải pháp tối ưu từ FUJI TH.",
    "_uag_custom_page_level_css": "",
    "footnotes": ""
  },
  "categories": [
    1
  ],
  "tags": [],
  "permalink_template": "https://thangmayfujith.com/?p=2465",
  "generated_slug": "thang-may-450kg-cho-nha-4-5-tang-nen-chon-2co700-hay-2co800",
  "class_list": [
    "post-2465",
    "post",
    "type-post",
    "status-publish",
    "format-standard",
    "hentry",
    "category-ve-thang-may"
  ],
  "yoast_head": "<!-- This site is optimized with the Yoast SEO Premium plugin v26.2 (Yoast SEO v26.2) - https://yoast.com/wordpress/plugins/seo/ -->\n<title>Thang máy 450kg cho nhà 4-5 tầng: nên chọn 2CO700 hay 2CO800? - thangmayfujith.com</title>\n<!-- Admin only notice: this page does not show a meta description because it does not have one, either write it for this page specifically or go into the [Yoast SEO - Settings] menu and set up a template. -->\n<meta name=\"robots\" content=\"index, follow, max-snippet:-1, max-image-preview:large, max-video-preview:-1\" />\n<link rel=\"canonical\" href=\"https://thangmayfujith.com/?p=2465\" />\n<meta property=\"og:locale\" content=\"en_GB\" />\n<meta property=\"og:type\" content=\"article\" />\n<meta property=\"og:title\" content=\"Thang máy 450kg cho nhà 4-5 tầng: nên chọn 2CO700 hay 2CO800?\" />\n<meta property=\"og:description\" content=\"Thang máy 450kg cho nhà 4-5 tầng: nên chọn 2CO700 hay 2CO800? Với nhà phố 4-5 tầng, thang máy 450kg là cấu hình được lựa chọn rất nhiều vì cân bằng tốt giữa công năng, chi phí và diện tích xây dựng. 1) Khi nào nên chọn 2CO700? Nhà có diện tích hố thang vừa [...]\" />\n<meta property=\"og:url\" content=\"https://thangmayfujith.com/?p=2465\" />\n<meta property=\"og:site_name\" content=\"thangmayfujith.com\" />\n<meta property=\"article:publisher\" content=\"https://www.facebook.com/profile.php?id=695286863979169\" />\n<meta property=\"article:published_time\" content=\"2026-04-05T03:30:02+00:00\" />\n<meta name=\"author\" content=\"Chuyen Nguyen\" />\n<meta name=\"twitter:card\" content=\"summary_large_image\" />\n<meta name=\"twitter:label1\" content=\"Written by\" />\n\t<meta name=\"twitter:data1\" content=\"Chuyen Nguyen\" />\n\t<meta name=\"twitter:label2\" content=\"Estimated reading time\" />\n\t<meta name=\"twitter:data2\" content=\"1 minute\" />\n<script type=\"application/ld+json\" class=\"yoast-schema-graph\">{\"@context\":\"https://schema.org\",\"@graph\":[{\"@type\":\"Article\",\"@id\":\"https://thangmayfujith.com/?p=2465#article\",\"isPartOf\":{\"@id\":\"https://thangmayfujith.com/?p=2465\"},\"author\":{\"name\":\"Chuyen Nguyen\",\"@id\":\"https://thangmayfujith.com/#/schema/person/d7283bbd4a7f74a79dd238c64285ed41\"},\"headline\":\"Thang máy 450kg cho nhà 4-5 tầng: nên chọn 2CO700 hay 2CO800?\",\"datePublished\":\"2026-04-05T03:30:02+00:00\",\"mainEntityOfPage\":{\"@id\":\"https://thangmayfujith.com/?p=2465\"},\"wordCount\":262,\"commentCount\":0,\"publisher\":{\"@id\":\"https://thangmayfujith.com/#organization\"},\"articleSection\":[\"Về thang máy\"],\"inLanguage\":\"en-GB\",\"potentialAction\":[{\"@type\":\"CommentAction\",\"name\":\"Comment\",\"target\":[\"https://thangmayfujith.com/?p=2465#respond\"]}]},{\"@type\":\"WebPage\",\"@id\":\"https://thangmayfujith.com/?p=2465\",\"url\":\"https://thangmayfujith.com/?p=2465\",\"name\":\"Thang máy 450kg cho nhà 4-5 tầng: nên chọn 2CO700 hay 2CO800? - thangmayfujith.com\",\"isPartOf\":{\"@id\":\"https://thangmayfujith.com/#website\"},\"datePublished\":\"2026-04-05T03:30:02+00:00\",\"breadcrumb\":{\"@id\":\"https://thangmayfujith.com/?p=2465#breadcrumb\"},\"inLanguage\":\"en-GB\",\"potentialAction\":[{\"@type\":\"ReadAction\",\"target\":[\"https://thangmayfujith.com/?p=2465\"]}]},{\"@type\":\"BreadcrumbList\",\"@id\":\"https://thangmayfujith.com/?p=2465#breadcrumb\",\"itemListElement\":[{\"@type\":\"ListItem\",\"position\":1,\"name\":\"Home\",\"item\":\"https://thangmayfujith.com/\"},{\"@type\":\"ListItem\",\"position\":2,\"name\":\"Thang máy 450kg cho nhà 4-5 tầng: nên chọn 2CO700 hay 2CO800?\"}]},{\"@type\":\"WebSite\",\"@id\":\"https://thangmayfujith.com/#website\",\"url\":\"https://thangmayfujith.com/\",\"name\":\"Thang máy gia đình FUJI TH | Thang inox, thang kính\",\"description\":\"\",\"publisher\":{\"@id\":\"https://thangmayfujith.com/#organization\"},\"potentialAction\":[{\"@type\":\"SearchAction\",\"target\":{\"@type\":\"EntryPoint\",\"urlTemplate\":\"https://thangmayfujith.com/?s={search_term_string}\"},\"query-input\":{\"@type\":\"PropertyValueSpecification\",\"valueRequired\":true,\"valueName\":\"search_term_string\"}}],\"inLanguage\":\"en-GB\"},{\"@type\":\"Organization\",\"@id\":\"https://thangmayfujith.com/#organization\",\"name\":\"FUJI TH chuyên lắp đặt thang máy gia đình cho nhà phố, nhà cao tầng. Cung cấp thang inox, thang kính theo nhu cầu, tư vấn nhanh, bảo hành rõ ràng.\",\"url\":\"https://thangmayfujith.com/\",\"logo\":{\"@type\":\"ImageObject\",\"inLanguage\":\"en-GB\",\"@id\":\"https://thangmayfujith.com/#/schema/logo/image/\",\"url\":\"https://thangmayfujith.com/wp-content/uploads/2026/03/cropped-photo_6159006239912823984_y.jpg\",\"contentUrl\":\"https://thangmayfujith.com/wp-content/uploads/2026/03/cropped-photo_6159006239912823984_y.jpg\",\"width\":512,\"height\":512,\"caption\":\"FUJI TH chuyên lắp đặt thang máy gia đình cho nhà phố, nhà cao tầng. Cung cấp thang inox, thang kính theo nhu cầu, tư vấn nhanh, bảo hành rõ ràng.\"},\"image\":{\"@id\":\"https://thangmayfujith.com/#/schema/logo/image/\"},\"sameAs\":[\"https://www.facebook.com/profile.php?id=695286863979169\"]},{\"@type\":\"Person\",\"@id\":\"https://thangmayfujith.com/#/schema/person/d7283bbd4a7f74a79dd238c64285ed41\",\"name\":\"Chuyen Nguyen\",\"image\":{\"@type\":\"ImageObject\",\"inLanguage\":\"en-GB\",\"@id\":\"https://thangmayfujith.com/#/schema/person/image/\",\"url\":\"https://secure.gravatar.com/avatar/cc88143fad67db0053984a1e31599a45d1cd0e6fade169461839df0f7bdc71cb?s=96&d=mm&r=g\",\"contentUrl\":\"https://secure.gravatar.com/avatar/cc88143fad67db0053984a1e31599a45d1cd0e6fade169461839df0f7bdc71cb?s=96&d=mm&r=g\",\"caption\":\"Chuyen Nguyen\"},\"url\":\"https://thangmayfujith.com/?author=2\"}]}</script>\n<!-- / Yoast SEO Premium plugin. -->",
  "yoast_head_json": {
    "title": "Thang máy 450kg cho nhà 4-5 tầng: nên chọn 2CO700 hay 2CO800? - thangmayfujith.com",
    "robots": {
      "index": "index",
      "follow": "follow",
      "max-snippet": "max-snippet:-1",
      "max-image-preview": "max-image-preview:large",
      "max-video-preview": "max-video-preview:-1"
    },
    "canonical": "https://thangmayfujith.com/?p=2465",
    "og_locale": "en_GB",
    "og_type": "article",
    "og_title": "Thang máy 450kg cho nhà 4-5 tầng: nên chọn 2CO700 hay 2CO800?",
    "og_description": "Thang máy 450kg cho nhà 4-5 tầng: nên chọn 2CO700 hay 2CO800? Với nhà phố 4-5 tầng, thang máy 450kg là cấu hình được lựa chọn rất nhiều vì cân bằng tốt giữa công năng, chi phí và diện tích xây dựng. 1) Khi nào nên chọn 2CO700? Nhà có diện tích hố thang vừa [...]",
    "og_url": "https://thangmayfujith.com/?p=2465",
    "og_site_name": "thangmayfujith.com",
    "article_publisher": "https://www.facebook.com/profile.php?id=695286863979169",
    "article_published_time": "2026-04-05T03:30:02+00:00",
    "author": "Chuyen Nguyen",
    "twitter_card": "summary_large_image",
    "twitter_misc": {
      "Written by": "Chuyen Nguyen",
      "Estimated reading time": "1 minute"
    },
    "schema": {
      "@context": "https://schema.org",
      "@graph": [
        {
          "@type": "Article",
          "@id": "https://thangmayfujith.com/?p=2465#article",
          "isPartOf": {
            "@id": "https://thangmayfujith.com/?p=2465"
          },
          "author": {
            "name": "Chuyen Nguyen",
            "@id": "https://thangmayfujith.com/#/schema/person/d7283bbd4a7f74a79dd238c64285ed41"
          },
          "headline": "Thang máy 450kg cho nhà 4-5 tầng: nên chọn 2CO700 hay 2CO800?",
          "datePublished": "2026-04-05T03:30:02+00:00",
          "mainEntityOfPage": {
            "@id": "https://thangmayfujith.com/?p=2465"
          },
          "wordCount": 262,
          "commentCount": 0,
          "publisher": {
            "@id": "https://thangmayfujith.com/#organization"
          },
          "articleSection": [
            "Về thang máy"
          ],
          "inLanguage": "en-GB",
          "potentialAction": [
            {
              "@type": "CommentAction",
              "name": "Comment",
              "target": [
                "https://thangmayfujith.com/?p=2465#respond"
              ]
            }
          ]
        },
        {
          "@type": "WebPage",
          "@id": "https://thangmayfujith.com/?p=2465",
          "url": "https://thangmayfujith.com/?p=2465",
          "name": "Thang máy 450kg cho nhà 4-5 tầng: nên chọn 2CO700 hay 2CO800? - thangmayfujith.com",
          "isPartOf": {
            "@id": "https://thangmayfujith.com/#website"
          },
          "datePublished": "2026-04-05T03:30:02+00:00",
          "breadcrumb": {
            "@id": "https://thangmayfujith.com/?p=2465#breadcrumb"
          },
          "inLanguage": "en-GB",
          "potentialAction": [
            {
              "@type": "ReadAction",
              "target": [
                "https://thangmayfujith.com/?p=2465"
              ]
            }
          ]
        },
        {
          "@type": "BreadcrumbList",
          "@id": "https://thangmayfujith.com/?p=2465#breadcrumb",
          "itemListElement": [
            {
              "@type": "ListItem",
              "position": 1,
              "name": "Home",
              "item": "https://thangmayfujith.com/"
            },
            {
              "@type": "ListItem",
              "position": 2,
              "name": "Thang máy 450kg cho nhà 4-5 tầng: nên chọn 2CO700 hay 2CO800?"
            }
          ]
        },
        {
          "@type": "WebSite",
          "@id": "https://thangmayfujith.com/#website",
          "url": "https://thangmayfujith.com/",
          "name": "Thang máy gia đình FUJI TH | Thang inox, thang kính",
          "description": "",
          "publisher": {
            "@id": "https://thangmayfujith.com/#organization"
          },
          "potentialAction": [
            {
              "@type": "SearchAction",
              "target": {
                "@type": "EntryPoint",
                "urlTemplate": "https://thangmayfujith.com/?s={search_term_string}"
              },
              "query-input": {
                "@type": "PropertyValueSpecification",
                "valueRequired": true,
                "valueName": "search_term_string"
              }
            }
          ],
          "inLanguage": "en-GB"
        },
        {
          "@type": "Organization",
          "@id": "https://thangmayfujith.com/#organization",
          "name": "FUJI TH chuyên lắp đặt thang máy gia đình cho nhà phố, nhà cao tầng. Cung cấp thang inox, thang kính theo nhu cầu, tư vấn nhanh, bảo hành rõ ràng.",
          "url": "https://thangmayfujith.com/",
          "logo": {
            "@type": "ImageObject",
            "inLanguage": "en-GB",
            "@id": "https://thangmayfujith.com/#/schema/logo/image/",
            "url": "https://thangmayfujith.com/wp-content/uploads/2026/03/cropped-photo_6159006239912823984_y.jpg",
            "contentUrl": "https://thangmayfujith.com/wp-content/uploads/2026/03/cropped-photo_6159006239912823984_y.jpg",
            "width": 512,
            "height": 512,
            "caption": "FUJI TH chuyên lắp đặt thang máy gia đình cho nhà phố, nhà cao tầng. Cung cấp thang inox, thang kính theo nhu cầu, tư vấn nhanh, bảo hành rõ ràng."
          },
          "image": {
            "@id": "https://thangmayfujith.com/#/schema/logo/image/"
          },
          "sameAs": [
            "https://www.facebook.com/profile.php?id=695286863979169"
          ]
        },
        {
          "@type": "Person",
          "@id": "https://thangmayfujith.com/#/schema/person/d7283bbd4a7f74a79dd238c64285ed41",
          "name": "Chuyen Nguyen",
          "image": {
            "@type": "ImageObject",
            "inLanguage": "en-GB",
            "@id": "https://thangmayfujith.com/#/schema/person/image/",
            "url": "https://secure.gravatar.com/avatar/cc88143fad67db0053984a1e31599a45d1cd0e6fade169461839df0f7bdc71cb?s=96&d=mm&r=g",
            "contentUrl": "https://secure.gravatar.com/avatar/cc88143fad67db0053984a1e31599a45d1cd0e6fade169461839df0f7bdc71cb?s=96&d=mm&r=g",
            "caption": "Chuyen Nguyen"
          },
          "url": "https://thangmayfujith.com/?author=2"
        }
      ]
    }
  },
  "uagb_featured_image_src": {
    "full": false,
    "thumbnail": false,
    "medium": false,
    "medium_large": false,
    "large": false,
    "1536x1536": false,
    "2048x2048": false
  },
  "uagb_author_info": {
    "display_name": "Chuyen Nguyen",
    "author_link": "https://thangmayfujith.com/?author=2"
  },
  "uagb_comment_info": 0,
  "uagb_excerpt": "Thang máy 450kg cho nhà 4-5 tầng: nên chọn 2CO700 hay 2CO800? Với nhà phố 4-5 tầng, thang máy 450kg là cấu hình được lựa chọn rất nhiều vì cân bằng tốt giữa công năng, chi phí và diện tích xây dựng. 1) Khi nào nên chọn 2CO700? Nhà có diện tích hố thang vừa&hellip;",
  "_links": {
    "self": [
      {
        "href": "https://thangmayfujith.com/index.php?rest_route=/wp/v2/posts/2465",
        "targetHints": {
          "allow": [
            "GET",
            "POST",
            "PUT",
            "PATCH",
            "DELETE"
          ]
        }
      }
    ],
    "collection": [
      {
        "href": "https://thangmayfujith.com/index.php?rest_route=/wp/v2/posts"
      }
    ],
    "about": [
      {
        "href": "https://thangmayfujith.com/index.php?rest_route=/wp/v2/types/post"
      }
    ],
    "author": [
      {
        "embeddable": true,
        "href": "https://thangmayfujith.com/index.php?rest_route=/wp/v2/users/2"
      }
    ],
    "replies": [
      {
        "embeddable": true,
        "href": "https://thangmayfujith.com/index.php?rest_route=%2Fwp%2Fv2%2Fcomments&post=2465"
      }
    ],
    "version-history": [
      {
        "count": 0,
        "href": "https://thangmayfujith.com/index.php?rest_route=/wp/v2/posts/2465/revisions"
      }
    ],
    "wp:attachment": [
      {
        "href": "https://thangmayfujith.com/index.php?rest_route=%2Fwp%2Fv2%2Fmedia&parent=2465"
      }
    ],
    "wp:term": [
      {
        "taxonomy": "category",
        "embeddable": true,
        "href": "https://thangmayfujith.com/index.php?rest_route=%2Fwp%2Fv2%2Fcategories&post=2465"
      },
      {
        "taxonomy": "post_tag",
        "embeddable": true,
        "href": "https://thangmayfujith.com/index.php?rest_route=%2Fwp%2Fv2%2Ftags&post=2465"
      }
    ],
    "wp:action-publish": [
      {
        "href": "https://thangmayfujith.com/index.php?rest_route=/wp/v2/posts/2465"
      }
    ],
    "wp:action-unfiltered-html": [
      {
        "href": "https://thangmayfujith.com/index.php?rest_route=/wp/v2/posts/2465"
      }
    ],
    "wp:action-sticky": [
      {
        "href": "https://thangmayfujith.com/index.php?rest_route=/wp/v2/posts/2465"
      }
    ],
    "wp:action-assign-author": [
      {
        "href": "https://thangmayfujith.com/index.php?rest_route=/wp/v2/posts/2465"
      }
    ],
    "wp:action-create-categories": [
      {
        "href": "https://thangmayfujith.com/index.php?rest_route=/wp/v2/posts/2465"
      }
    ],
    "wp:action-assign-categories": [
      {
        "href": "https://thangmayfujith.com/index.php?rest_route=/wp/v2/posts/2465"
      }
    ],
    "wp:action-create-tags": [
      {
        "href": "https://thangmayfujith.com/index.php?rest_route=/wp/v2/posts/2465"
      }
    ],
    "wp:action-assign-tags": [
      {
        "href": "https://thangmayfujith.com/index.php?rest_route=/wp/v2/posts/2465"
      }
    ],
    "curies": [
      {
        "name": "wp",
        "href": "https://api.w.org/{rel}",
        "templated": true
      }
    ]
  }
}
